
There are no discarded input sections

Memory Configuration

Name             Origin             Length             Attributes
*default*        0x00000000         0xffffffff

Linker script and memory map

                0x00002000                        . = 0x2000

.tohost
 *(.tohost)
                0x00003000                        . = (. + 0x1000)

.text           0x00003000      0x1a4
 *(.text)
 .text          0x00003000      0x1a4 riscv_asm_test.o
                0x00003000                _start

.rodata
 *(.rodata)

.data           0x00004000        0x0
 *(.data)
 .data          0x00004000        0x0 riscv_asm_test.o

.bss            0x00004000        0x0
 *(COMMON)
 *(.bss)
 .bss           0x00004000        0x0 riscv_asm_test.o

.stack          0x00004000     0x2000
                0x00006000                        . = (. + 0x2000)
 *fill*         0x00004000     0x2000 
                0x00006000                        _end = .
                0x00006000                        _stack = _end
LOAD riscv_asm_test.o
OUTPUT(riscv_asm_test elf32-littleriscv)

.riscv.attributes
                0x00000000       0x5f
 .riscv.attributes
                0x00000000       0x5f riscv_asm_test.o
